// Jest Snapshot v1, https://goo.gl/fbAQLP

exports[`<InputSearch/> should match snapshot 1`] = `
<input
  class="inputSearch"
  placeholder="Search"
  type="search"
  value=""
/>
`;
